// Vitest Snapshot v1, https://vitest.dev/guide/snapshot.html

exports[`convertSongToTxt > should properly convert the song 1`] = `
"#ARTIST:E2ETest
#TITLE:Multitrack
#BPM:350
#YEAR:1994
#VIDEO:v=koBUXESJZ8g
#LANGUAGE:Polish
#GAP:1000
#ALLKARAOKE_ID:multitrack
#ALLKARAOKE_REALBPM:100
#P2:test track 2
#SOMEPROP: some value
#SOMEPROP2: some value2
G 5 10 9 Second 
R 20 10 10 Third 
- 40
F 50 10 11 Fourth 
* 80 5 9 Seventh 
: 86 4 10 Seventh 
- 100 120
- 130
: 140 10 10 Eight 
: 5 10 11 First 
: 16 9 9 Second 
: 30 10 10 Third 
- 50
: 60 10 11 Fourth 
: 75 10 12 Fifth 
: 90 10 9 Seventh 
- 110 130
- 140
: 150 10 9 Eight 
: 165 10 10 Nine 
E"
`;
